
> frontend@0.1.0 test
> vitest run

[33m(!) Your Vite config uses features that are unsupported by `configLoader: 'native'`, which is planned to become the default in a future major version of Vite:
  - ESM syntax in a file loaded as CommonJS (vitest.config.ts:1:1). Use a `.mjs` extension or set `"type": "module"` in the closest package.json
Set `VITE_CONFIG_NATIVE_IGNORE_WARNING=true` to suppress this warning.[39m

 RUN  v4.1.11 C:/Users/lorra/projects/zijing-cup/frontend

Not implemented: navigation to another Document

 Test Files  51 passed (51)
      Tests  408 passed (408)
   Start at  11:46:15
   Duration  5.46s (transform 9.20s, setup 12.24s, import 14.98s, tests 20.00s, environment 79.22s)

